Processing /private/tmp/dancelab-stage-a-wheel/dancelab_engine-0.1.1-py3-none-any.whl
Collecting defusedxml<1,>=0.7 (from dancelab-engine==0.1.1)
  Using cached defusedxml-0.7.1-py2.py3-none-any.whl.metadata (32 kB)
Collecting fastapi>=0.111 (from dancelab-engine==0.1.1)
  Using cached fastapi-0.141.1-py3-none-any.whl.metadata (27 kB)
Collecting numpy>=1.26 (from dancelab-engine==0.1.1)
  Downloading numpy-2.5.3-cp312-cp312-macosx_14_0_arm64.whl.metadata (6.6 kB)
Collecting pydantic>=2.7 (from dancelab-engine==0.1.1)
  Using cached pydantic-2.13.5-py3-none-any.whl.metadata (110 kB)
Collecting pyyaml>=6.0 (from dancelab-engine==0.1.1)
  Using cached pyyaml-6.0.3-cp312-cp312-macosx_11_0_arm64.whl.metadata (2.4 kB)
Collecting typer>=0.12 (from dancelab-engine==0.1.1)
  Downloading typer-0.27.2-py3-none-any.whl.metadata (16 kB)
Collecting uvicorn>=0.30 (from dancelab-engine==0.1.1)
  Downloading uvicorn-0.52.4-py3-none-any.whl.metadata (6.6 kB)
Collecting starlette>=0.46.0 (from fastapi>=0.111->dancelab-engine==0.1.1)
  Using cached starlette-1.6.0-py3-none-any.whl.metadata (6.4 kB)
Collecting typing-extensions>=4.8.0 (from fastapi>=0.111->dancelab-engine==0.1.1)
  Using cached typing_extensions-4.16.0-py3-none-any.whl.metadata (3.3 kB)
Collecting typing-inspection>=0.4.2 (from fastapi>=0.111->dancelab-engine==0.1.1)
  Using cached typing_inspection-0.4.4-py3-none-any.whl.metadata (2.6 kB)
Collecting annotated-doc>=0.0.2 (from fastapi>=0.111->dancelab-engine==0.1.1)
  Using cached annotated_doc-0.0.5-py3-none-any.whl.metadata (6.5 kB)
Collecting annotated-types>=0.6.0 (from pydantic>=2.7->dancelab-engine==0.1.1)
  Using cached annotated_types-0.8.0-py3-none-any.whl.metadata (15 kB)
Collecting pydantic-core==2.46.5 (from pydantic>=2.7->dancelab-engine==0.1.1)
  Downloading pydantic_core-2.46.5-cp312-cp312-macosx_11_0_arm64.whl.metadata (6.6 kB)
Collecting anyio<5,>=3.6.2 (from starlette>=0.46.0->fastapi>=0.111->dancelab-engine==0.1.1)
  Downloading anyio-4.15.1-py3-none-any.whl.metadata (4.7 kB)
Collecting idna>=2.8 (from anyio<5,>=3.6.2->starlette>=0.46.0->fastapi>=0.111->dancelab-engine==0.1.1)
  Using cached idna-3.19-py3-none-any.whl.metadata (9.2 kB)
Collecting shellingham>=1.3.0 (from typer>=0.12->dancelab-engine==0.1.1)
  Using cached shellingham-1.5.4-py2.py3-none-any.whl.metadata (3.5 kB)
Collecting rich>=13.8.0 (from typer>=0.12->dancelab-engine==0.1.1)
  Using cached rich-15.0.0-py3-none-any.whl.metadata (18 kB)
Collecting markdown-it-py>=2.2.0 (from rich>=13.8.0->typer>=0.12->dancelab-engine==0.1.1)
  Using cached markdown_it_py-4.2.0-py3-none-any.whl.metadata (7.4 kB)
Collecting pygments<3.0.0,>=2.13.0 (from rich>=13.8.0->typer>=0.12->dancelab-engine==0.1.1)
  Downloading pygments-2.21.0-py3-none-any.whl.metadata (2.5 kB)
Collecting mdurl~=0.1 (from markdown-it-py>=2.2.0->rich>=13.8.0->typer>=0.12->dancelab-engine==0.1.1)
  Using cached mdurl-0.1.2-py3-none-any.whl.metadata (1.6 kB)
Collecting click>=7.0 (from uvicorn>=0.30->dancelab-engine==0.1.1)
  Downloading click-8.5.0-py3-none-any.whl.metadata (2.6 kB)
Collecting h11>=0.8 (from uvicorn>=0.30->dancelab-engine==0.1.1)
  Using cached h11-0.16.0-py3-none-any.whl.metadata (8.3 kB)
Using cached defusedxml-0.7.1-py2.py3-none-any.whl (25 kB)
Using cached fastapi-0.141.1-py3-none-any.whl (131 kB)
Using cached annotated_doc-0.0.5-py3-none-any.whl (5.3 kB)
Downloading numpy-2.5.3-cp312-cp312-macosx_14_0_arm64.whl (5.4 MB)
   ━━━━━━━━━━━━━━━━━━━━━━━━━━━━━━━━━━━━━━━━ 5.4/5.4 MB 28.3 MB/s  0:00:00
Using cached pydantic-2.13.5-py3-none-any.whl (472 kB)
Downloading pydantic_core-2.46.5-cp312-cp312-macosx_11_0_arm64.whl (1.9 MB)
   ━━━━━━━━━━━━━━━━━━━━━━━━━━━━━━━━━━━━━━━━ 1.9/1.9 MB 47.0 MB/s  0:00:00
Using cached annotated_types-0.8.0-py3-none-any.whl (13 kB)
Using cached pyyaml-6.0.3-cp312-cp312-macosx_11_0_arm64.whl (173 kB)
Using cached starlette-1.6.0-py3-none-any.whl (75 kB)
Downloading anyio-4.15.1-py3-none-any.whl (132 kB)
Using cached idna-3.19-py3-none-any.whl (68 kB)
Downloading typer-0.27.2-py3-none-any.whl (123 kB)
Using cached rich-15.0.0-py3-none-any.whl (310 kB)
Downloading pygments-2.21.0-py3-none-any.whl (1.3 MB)
   ━━━━━━━━━━━━━━━━━━━━━━━━━━━━━━━━━━━━━━━━ 1.3/1.3 MB 55.5 MB/s  0:00:00
Using cached markdown_it_py-4.2.0-py3-none-any.whl (91 kB)
Using cached mdurl-0.1.2-py3-none-any.whl (10.0 kB)
Using cached shellingham-1.5.4-py2.py3-none-any.whl (9.8 kB)
Using cached typing_extensions-4.16.0-py3-none-any.whl (45 kB)
Using cached typing_inspection-0.4.4-py3-none-any.whl (14 kB)
Downloading uvicorn-0.52.4-py3-none-any.whl (79 kB)
Downloading click-8.5.0-py3-none-any.whl (125 kB)
Using cached h11-0.16.0-py3-none-any.whl (37 kB)
Installing collected packages: typing-extensions, shellingham, pyyaml, pygments, numpy, mdurl, idna, h11, defusedxml, click, annotated-types, annotated-doc, uvicorn, typing-inspection, pydantic-core, markdown-it-py, anyio, starlette, rich, pydantic, typer, fastapi, dancelab-engine

Successfully installed annotated-doc-0.0.5 annotated-types-0.8.0 anyio-4.15.1 click-8.5.0 dancelab-engine-0.1.1 defusedxml-0.7.1 fastapi-0.141.1 h11-0.16.0 idna-3.19 markdown-it-py-4.2.0 mdurl-0.1.2 numpy-2.5.3 pydantic-2.13.5 pydantic-core-2.46.5 pygments-2.21.0 pyyaml-6.0.3 rich-15.0.0 shellingham-1.5.4 starlette-1.6.0 typer-0.27.2 typing-extensions-4.16.0 typing-inspection-0.4.4 uvicorn-0.52.4
No broken requirements found.
clean headless import: /private/var/folders/3f/rd8dghgn14jcl60tmdv2d3_r0000gn/T/dancelab-clean-install-0bbgxfgs/venv/lib/python3.12/site-packages/dancelab/__init__.py

 Usage: dancelab [OPTIONS] COMMAND [ARGS]...

 DanceLab Engine CLI

╭─ Options ────────────────────────────────────────────────────────────────────╮
│ --install-completion          Install completion for the current shell.      │
│ --show-completion             Show completion for the current shell, to copy │
│                               it or customize the installation.              │
│ --help                        Show this message and exit.                    │
╰──────────────────────────────────────────────────────────────────────────────╯
╭─ Commands ───────────────────────────────────────────────────────────────────╮
│ version               Print engine, config and weights versions.             │
│ analyze               Analyze a single track → JSON output.                  │
│ smart-playlist        Analizuje folder, buduje set i zapisuje paczkę cue do  │
│                       master.db.                                             │
│ gui                   Okno aplikacji: fala utworu i ustawianie padów. BEZ    │
│                       zapisu do Rekordboxa.                                  │
│ tui                   Interfejs terminalowy: formularz → postęp → tabela → W │
│                       (Rekordbox).                                           │
│ zagraj                Od folderu do cue w Rekordboksie jedną komendą —       │
│                       domyślnie bez zapisu.                                  │
│ validate-annotations  Validate the annotation dataset CSVs (works without    │
│                       audio files).                                          │
│ validation-pack       Build a bounded validation pack for the current        │
│                       analyzed corpus.                                       │
│ validation-benchmark  Aggregate DJ transition rating CSVs into a 5-session   │
│                       benchmark report.                                      │
│ batch                 Analyze every supported audio file in DIRECTORY.       │
│ decision-report       Build a headless pair-decision report with edge        │
│                       decisions and review data.                             │
│ preview               Render an audible preview of the A→B transition to a   │
│                       WAV file.                                              │
│ room                  Review seams one pair at a time: listen, judge, and    │
│                       teach the engine.                                      │
│ corpus-ordering       Build and evaluate ordering-given-observed-crate       │
│                       evidence.                                              │
│ cues                  Plan/write DanceLab hot cues into Rekordbox            │
╰──────────────────────────────────────────────────────────────────────────────╯

clean wheel verification passed: dancelab_engine-0.1.1-py3-none-any.whl (base)
