TAP version 13
# Subtest: error context renders both caller and failure as literal text
ok 1 - error context renders both caller and failure as literal text
  ---
  duration_ms: 2.541792
  type: 'test'
  ...
# Subtest: genre failure cannot introduce markup
ok 2 - genre failure cannot introduce markup
  ---
  duration_ms: 0.578875
  type: 'test'
  ...
# Subtest: audio status renders backend reason as text
ok 3 - audio status renders backend reason as text
  ---
  duration_ms: 4.692917
  type: 'test'
  ...
# Subtest: Rekordbox failure cannot introduce markup
ok 4 - Rekordbox failure cannot introduce markup
  ---
  duration_ms: 0.521792
  type: 'test'
  ...
# Subtest: engine notes preserve literal entities and block markup at the renderer
ok 5 - engine notes preserve literal entities and block markup at the renderer
  ---
  duration_ms: 1.137208
  type: 'test'
  ...
1..5
# tests 5
# suites 0
# pass 5
# fail 0
# cancelled 0
# skipped 0
# todo 0
# duration_ms 47.472333
